Archive member included to satisfy reference by file (symbol)

C:/ST/STM32CubeIDE_1.19.0/STM32CubeIDE/plugins/com.st.stm32cube.ide.mcu.externaltools.gnu-tools-for-stm32.13.3.rel1.win32_1.0.0.202411081344/tools/bin/../lib/gcc/arm-none-eabi/13.3.1/../../../../arm-none-eabi/lib/thumb/v7e-m+fp/hard\libc_nano.a(libc_a-exit.o)
                              C:/ST/STM32CubeIDE_1.19.0/STM32CubeIDE/plugins/com.st.stm32cube.ide.mcu.externaltools.gnu-tools-for-stm32.13.3.rel1.win32_1.0.0.202411081344/tools/bin/../lib/gcc/arm-none-eabi/13.3.1/../../../../arm-none-eabi/lib/thumb/v7e-m+fp/hard/crt0.o (exit)
C:/ST/STM32CubeIDE_1.19.0/STM32CubeIDE/plugins/com.st.stm32cube.ide.mcu.externaltools.gnu-tools-for-stm32.13.3.rel1.win32_1.0.0.202411081344/tools/bin/../lib/gcc/arm-none-eabi/13.3.1/../../../../arm-none-eabi/lib/thumb/v7e-m+fp/hard\libc_nano.a(libc_a-findfp.o)
                              C:/ST/STM32CubeIDE_1.19.0/STM32CubeIDE/plugins/com.st.stm32cube.ide.mcu.externaltools.gnu-tools-for-stm32.13.3.rel1.win32_1.0.0.202411081344/tools/bin/../lib/gcc/arm-none-eabi/13.3.1/../../../../arm-none-eabi/lib/thumb/v7e-m+fp/hard\libc_nano.a(libc_a-exit.o) (__stdio_exit_handler)
C:/ST/STM32CubeIDE_1.19.0/STM32CubeIDE/plugins/com.st.stm32cube.ide.mcu.externaltools.gnu-tools-for-stm32.13.3.rel1.win32_1.0.0.202411081344/tools/bin/../lib/gcc/arm-none-eabi/13.3.1/../../../../arm-none-eabi/lib/thumb/v7e-m+fp/hard\libc_nano.a(libc_a-fwalk.o)
                              C:/ST/STM32CubeIDE_1.19.0/STM32CubeIDE/plugins/com.st.stm32cube.ide.mcu.externaltools.gnu-tools-for-stm32.13.3.rel1.win32_1.0.0.202411081344/tools/bin/../lib/gcc/arm-none-eabi/13.3.1/../../../../arm-none-eabi/lib/thumb/v7e-m+fp/hard\libc_nano.a(libc_a-findfp.o) (_fwalk_sglue)
C:/ST/STM32CubeIDE_1.19.0/STM32CubeIDE/plugins/com.st.stm32cube.ide.mcu.externaltools.gnu-tools-for-stm32.13.3.rel1.win32_1.0.0.202411081344/tools/bin/../lib/gcc/arm-none-eabi/13.3.1/../../../../arm-none-eabi/lib/thumb/v7e-m+fp/hard\libc_nano.a(libc_a-stdio.o)
                              C:/ST/STM32CubeIDE_1.19.0/STM32CubeIDE/plugins/com.st.stm32cube.ide.mcu.externaltools.gnu-tools-for-stm32.13.3.rel1.win32_1.0.0.202411081344/tools/bin/../lib/gcc/arm-none-eabi/13.3.1/../../../../arm-none-eabi/lib/thumb/v7e-m+fp/hard\libc_nano.a(libc_a-findfp.o) (__sread)
C:/ST/STM32CubeIDE_1.19.0/STM32CubeIDE/plugins/com.st.stm32cube.ide.mcu.externaltools.gnu-tools-for-stm32.13.3.rel1.win32_1.0.0.202411081344/tools/bin/../lib/gcc/arm-none-eabi/13.3.1/../../../../arm-none-eabi/lib/thumb/v7e-m+fp/hard\libc_nano.a(libc_a-memset.o)
                              C:/ST/STM32CubeIDE_1.19.0/STM32CubeIDE/plugins/com.st.stm32cube.ide.mcu.externaltools.gnu-tools-for-stm32.13.3.rel1.win32_1.0.0.202411081344/tools/bin/../lib/gcc/arm-none-eabi/13.3.1/../../../../arm-none-eabi/lib/thumb/v7e-m+fp/hard/crt0.o (memset)
C:/ST/STM32CubeIDE_1.19.0/STM32CubeIDE/plugins/com.st.stm32cube.ide.mcu.externaltools.gnu-tools-for-stm32.13.3.rel1.win32_1.0.0.202411081344/tools/bin/../lib/gcc/arm-none-eabi/13.3.1/../../../../arm-none-eabi/lib/thumb/v7e-m+fp/hard\libc_nano.a(libc_a-closer.o)
                              C:/ST/STM32CubeIDE_1.19.0/STM32CubeIDE/plugins/com.st.stm32cube.ide.mcu.externaltools.gnu-tools-for-stm32.13.3.rel1.win32_1.0.0.202411081344/tools/bin/../lib/gcc/arm-none-eabi/13.3.1/../../../../arm-none-eabi/lib/thumb/v7e-m+fp/hard\libc_nano.a(libc_a-stdio.o) (_close_r)
C:/ST/STM32CubeIDE_1.19.0/STM32CubeIDE/plugins/com.st.stm32cube.ide.mcu.externaltools.gnu-tools-for-stm32.13.3.rel1.win32_1.0.0.202411081344/tools/bin/../lib/gcc/arm-none-eabi/13.3.1/../../../../arm-none-eabi/lib/thumb/v7e-m+fp/hard\libc_nano.a(libc_a-reent.o)
                              C:/ST/STM32CubeIDE_1.19.0/STM32CubeIDE/plugins/com.st.stm32cube.ide.mcu.externaltools.gnu-tools-for-stm32.13.3.rel1.win32_1.0.0.202411081344/tools/bin/../lib/gcc/arm-none-eabi/13.3.1/../../../../arm-none-eabi/lib/thumb/v7e-m+fp/hard\libc_nano.a(libc_a-closer.o) (errno)
C:/ST/STM32CubeIDE_1.19.0/STM32CubeIDE/plugins/com.st.stm32cube.ide.mcu.externaltools.gnu-tools-for-stm32.13.3.rel1.win32_1.0.0.202411081344/tools/bin/../lib/gcc/arm-none-eabi/13.3.1/../../../../arm-none-eabi/lib/thumb/v7e-m+fp/hard\libc_nano.a(libc_a-impure.o)
                              C:/ST/STM32CubeIDE_1.19.0/STM32CubeIDE/plugins/com.st.stm32cube.ide.mcu.externaltools.gnu-tools-for-stm32.13.3.rel1.win32_1.0.0.202411081344/tools/bin/../lib/gcc/arm-none-eabi/13.3.1/../../../../arm-none-eabi/lib/thumb/v7e-m+fp/hard\libc_nano.a(libc_a-reent.o) (_impure_ptr)
C:/ST/STM32CubeIDE_1.19.0/STM32CubeIDE/plugins/com.st.stm32cube.ide.mcu.externaltools.gnu-tools-for-stm32.13.3.rel1.win32_1.0.0.202411081344/tools/bin/../lib/gcc/arm-none-eabi/13.3.1/../../../../arm-none-eabi/lib/thumb/v7e-m+fp/hard\libc_nano.a(libc_a-lseekr.o)
[...]
Memory Configuration

Name             Origin             Length             Attributes
RAM              0x20000000         0x00010000         xrw
FLASH            0x08000000         0x00020000         xr
*default*        0x00000000         0xffffffff

Linker script and memory map

LOAD C:/ST/STM32CubeIDE_1.19.0/STM32CubeIDE/plugins/com.st.stm32cube.ide.mcu.externaltools.gnu-tools-for-stm32.13.3.rel1.win32_1.0.0.202411081344/tools/bin/../lib/gcc/arm-none-eabi/13.3.1/thumb/v7e-m+fp/hard/crti.o
LOAD C:/ST/STM32CubeIDE_1.19.0/STM32CubeIDE/plugins/com.st.stm32cube.ide.mcu.externaltools.gnu-tools-for-stm32.13.3.rel1.win32_1.0.0.202411081344/tools/bin/../lib/gcc/arm-none-eabi/13.3.1/thumb/v7e-m+fp/hard/crtbegin.o
LOAD C:/ST/STM32CubeIDE_1.19.0/STM32CubeIDE/plugins/com.st.stm32cube.ide.mcu.externaltools.gnu-tools-for-stm32.13.3.rel1.win32_1.0.0.202411081344/tools/bin/../lib/gcc/arm-none-eabi/13.3.1/../../../../arm-none-eabi/lib/thumb/v7e-m+fp/hard/crt0.o
LOAD ./Drivers/Src/UART.o
LOAD ./Drivers/Src/stm32401xx_gpiodriver.o
LOAD ./Drivers/Src/stm32f401xxxrcc_driver.o
LOAD ./Src/UART_Rx.o
LOAD ./Src/UART_Zero_copy.o
LOAD ./Src/main.o
LOAD ./Src/syscalls.o
LOAD ./Src/sysmem.o
LOAD ./Startup/startup_stm32f401rbtx.o
START GROUP
LOAD C:/ST/STM32CubeIDE_1.19.0/STM32CubeIDE/plugins/com.st.stm32cube.ide.mcu.externaltools.gnu-tools-for-stm32.13.3.rel1.win32_1.0.0.202411081344/tools/bin/../lib/gcc/arm-none-eabi/13.3.1/../../../../arm-none-eabi/lib/thumb/v7e-m+fp/hard\libc_nano.a
LOAD C:/ST/STM32CubeIDE_1.19.0/STM32CubeIDE/plugins/com.st.stm32cube.ide.mcu.externaltools.gnu-tools-for-stm32.13.3.rel1.win32_1.0.0.202411081344/tools/bin/../lib/gcc/arm-none-eabi/13.3.1/../../../../arm-none-eabi/lib/thumb/v7e-m+fp/hard\libm.a
END GROUP
START GROUP
LOAD C:/ST/STM32CubeIDE_1.19.0/STM32CubeIDE/plugins/com.st.stm32cube.ide.mcu.externaltools.gnu-tools-for-stm32.13.3.rel1.win32_1.0.0.202411081344/tools/bin/../lib/gcc/arm-none-eabi/13.3.1/thumb/v7e-m+fp/hard\libgcc.a
LOAD C:/ST/STM32CubeIDE_1.19.0/STM32CubeIDE/plugins/com.st.stm32cube.ide.mcu.externaltools.gnu-tools-for-stm32.13.3.rel1.win32_1.0.0.202411081344/tools/bin/../lib/gcc/arm-none-eabi/13.3.1/../../../../arm-none-eabi/lib/thumb/v7e-m+fp/hard\libc_nano.a
END GROUP
START GROUP
LOAD C:/ST/STM32CubeIDE_1.19.0/STM32CubeIDE/plugins/com.st.stm32cube.ide.mcu.externaltools.gnu-tools-for-stm32.13.3.rel1.win32_1.0.0.202411081344/tools/bin/../lib/gcc/arm-none-eabi/13.3.1/thumb/v7e-m+fp/hard\libgcc.a
LOAD C:/ST/STM32CubeIDE_1.19.0/STM32CubeIDE/plugins/com.st.stm32cube.ide.mcu.externaltools.gnu-tools-for-stm32.13.3.rel1.win32_1.0.0.202411081344/tools/bin/../lib/gcc/arm-none-eabi/13.3.1/../../../../arm-none-eabi/lib/thumb/v7e-m+fp/hard\libc_nano.a
LOAD C:/ST/STM32CubeIDE_1.19.0/STM32CubeIDE/plugins/com.st.stm32cube.ide.mcu.externaltools.gnu-tools-for-stm32.13.3.rel1.win32_1.0.0.202411081344/tools/bin/../lib/gcc/arm-none-eabi/13.3.1/../../../../arm-none-eabi/lib/thumb/v7e-m+fp/hard\libnosys.a
END GROUP
START GROUP
LOAD C:/ST/STM32CubeIDE_1.19.0/STM32CubeIDE/plugins/com.st.stm32cube.ide.mcu.externaltools.gnu-tools-for-stm32.13.3.rel1.win32_1.0.0.202411081344/tools/bin/../lib/gcc/arm-none-eabi/13.3.1/thumb/v7e-m+fp/hard\libgcc.a
LOAD C:/ST/STM32CubeIDE_1.19.0/STM32CubeIDE/plugins/com.st.stm32cube.ide.mcu.externaltools.gnu-tools-for-stm32.13.3.rel1.win32_1.0.0.202411081344/tools/bin/../lib/gcc/arm-none-eabi/13.3.1/../../../../arm-none-eabi/lib/thumb/v7e-m+fp/hard\libc_nano.a
LOAD C:/ST/STM32CubeIDE_1.19.0/STM32CubeIDE/plugins/com.st.stm32cube.ide.mcu.externaltools.gnu-tools-for-stm32.13.3.rel1.win32_1.0.0.202411081344/tools/bin/../lib/gcc/arm-none-eabi/13.3.1/../../../../arm-none-eabi/lib/thumb/v7e-m+fp/hard\libnosys.a
END GROUP
LOAD C:/ST/STM32CubeIDE_1.19.0/STM32CubeIDE/plugins/com.st.stm32cube.ide.mcu.externaltools.gnu-tools-for-stm32.13.3.rel1.win32_1.0.0.202411081344/tools/bin/../lib/gcc/arm-none-eabi/13.3.1/thumb/v7e-m+fp/hard/crtend.o
LOAD C:/ST/STM32CubeIDE_1.19.0/STM32CubeIDE/plugins/com.st.stm32cube.ide.mcu.externaltools.gnu-tools-for-stm32.13.3.rel1.win32_1.0.0.202411081344/tools/bin/../lib/gcc/arm-none-eabi/13.3.1/thumb/v7e-m+fp/hard/crtn.o
                0x20010000                        _estack = (ORIGIN (RAM) + LENGTH (RAM))
                0x00000200                        _Min_Heap_Size = 0x200
                0x00000400                        _Min_Stack_Size = 0x400

.isr_vector     0x08000000      0x194
                0x08000000                        . = ALIGN (0x4)
 *(.isr_vector)
 .isr_vector    0x08000000      0x194 ./Startup/startup_stm32f401rbtx.o
                0x08000000                g_pfnVectors
                0x08000194                        . = ALIGN (0x4)

.text           0x08000194      0xbec
                0x08000194                        . = ALIGN (0x4)
 *(.text)
 .text          0x08000194       0x40 C:/ST/STM32CubeIDE_1.19.0/STM32CubeIDE/plugins/com.st.stm32cube.ide.mcu.externaltools.gnu-tools-for-stm32.13.3.rel1.win32_1.0.0.202411081344/tools/bin/../lib/gcc/arm-none-eabi/13.3.1/thumb/v7e-m+fp/hard/crtbegin.o
 .text          0x080001d4       0x10 C:/ST/STM32CubeIDE_1.19.0/STM32CubeIDE/plugins/com.st.stm32cube.ide.mcu.externaltools.gnu-tools-for-stm32.13.3.rel1.win32_1.0.0.202411081344/tools/bin/../lib/gcc/arm-none-eabi/13.3.1/../../../../arm-none-eabi/lib/thumb/v7e-m+fp/hard\libc_nano.a(libc_a-strlen.o)
                0x080001d4                strlen
 *(.text*)
 .text.UART_periClockControl
                0x080001e4       0xb8 ./Drivers/Src/UART.o
                0x080001e4                UART_periClockControl
 .text.UART_SetBaudRate
                0x0800029c       0xf4 ./Drivers/Src/UART.o
                0x0800029c                UART_SetBaudRate
 .text.UART_periPheralControl
                0x08000390       0x38 ./Drivers/Src/UART.o
                0x08000390                UART_periPheralControl
 .text.UART_Init
                0x080003c8      0x206 ./Drivers/Src/UART.o
                0x080003c8                UART_Init
 .text.UART_SendDataIT
                0x080005ce       0x56 ./Drivers/Src/UART.o
                0x080005ce                UART_SendDataIT
 .text.GPIO_PeriClockControl
                0x08000624      0x140 ./Drivers/Src/stm32401xx_gpiodriver.o
                0x08000624                GPIO_PeriClockControl
 .text.GPIO_Init
                0x08000764      0x310 ./Drivers/Src/stm32401xx_gpiodriver.o
                0x08000764                GPIO_Init
 .text.RCC_GetPclk1Value
                0x08000a74       0xb8 ./Drivers/Src/stm32f401xxxrcc_driver.o
                0x08000a74                RCC_GetPclk1Value
 .text.RCC_GetPclk2Value
                0x08000b2c       0xb8 ./Drivers/Src/stm32f401xxxrcc_driver.o
                0x08000b2c                RCC_GetPclk2Value
 .text.GPIO_UART2_AFMODE
                0x08000be4       0x54 ./Src/main.o
                0x08000be4                GPIO_UART2_AFMODE
 .text.UART_CONFIG
                0x08000c38       0x4c ./Src/main.o
                0x08000c38                UART_CONFIG
 .text.main     0x08000c84       0x48 ./Src/main.o
                0x08000c84                main
 .text.Reset_Handler
                0x08000ccc       0x50 ./Startup/startup_stm32f401rbtx.o
                0x08000ccc                Reset_Handler
 .text.Default_Handler
                0x08000d1c        0x2 ./Startup/startup_stm32f401rbtx.o
                0x08000d1c                EXTI2_IRQHandler
                0x08000d1c                DebugMon_Handler
                0x08000d1c                SPI4_IRQHandler
                0x08000d1c                TIM1_CC_IRQHandler
                0x08000d1c                DMA2_Stream5_IRQHandler
                0x08000d1c                HardFault_Handler
                0x08000d1c                DMA1_Stream5_IRQHandler
                0x08000d1c                SysTick_Handler
                0x08000d1c                SDIO_IRQHandler
                0x08000d1c                TAMP_STAMP_IRQHandler
                0x08000d1c                PendSV_Handler
                0x08000d1c                NMI_Handler
                0x08000d1c                EXTI3_IRQHandler
                0x08000d1c                TIM1_UP_TIM10_IRQHandler
                0x08000d1c                I2C3_ER_IRQHandler
                0x08000d1c                EXTI18_OTG_FS_WKUP_IRQHandler
                0x08000d1c                EXTI0_IRQHandler
                0x08000d1c                I2C2_EV_IRQHandler
                0x08000d1c                DMA1_Stream2_IRQHandler
                0x08000d1c                UsageFault_Handler
                0x08000d1c                DMA2_Stream2_IRQHandler
                0x08000d1c                SPI1_IRQHandler
                0x08000d1c                TIM1_BRK_TIM9_IRQHandler
                0x08000d1c                DMA2_Stream3_IRQHandler
                0x08000d1c                USART6_IRQHandler
                0x08000d1c                DMA2_Stream0_IRQHandler
                0x08000d1c                TIM4_IRQHandler
                0x08000d1c                I2C1_EV_IRQHandler
                0x08000d1c                DMA1_Stream6_IRQHandler
                0x08000d1c                DMA1_Stream1_IRQHandler
                0x08000d1c                TIM3_IRQHandler
                0x08000d1c                RCC_IRQHandler
                0x08000d1c                Default_Handler
                0x08000d1c                EXTI15_10_IRQHandler
                0x08000d1c                ADC_IRQHandler
                0x08000d1c                DMA1_Stream7_IRQHandler
                0x08000d1c                TIM5_IRQHandler
                0x08000d1c                DMA2_Stream7_IRQHandler
                0x08000d1c                I2C3_EV_IRQHandler
                0x08000d1c                EXTI9_5_IRQHandler
                0x08000d1c                SPI2_IRQHandler
                0x08000d1c                MemManage_Handler
                0x08000d1c                DMA1_Stream0_IRQHandler
                0x08000d1c                SVC_Handler
                0x08000d1c                EXTI4_IRQHandler
                0x08000d1c                EXTI22_RTC_WKUP_IRQHandler
                0x08000d1c                TIM2_IRQHandler
                0x08000d1c                EXTI16_PVD_IRQHandler
                0x08000d1c                TIM1_TRG_COM_TIM11_IRQHandler
                0x08000d1c                EXTI1_IRQHandler
                0x08000d1c                EXTI17_RTC_Alarm_IRQHandler
                0x08000d1c                USART2_IRQHandler
                0x08000d1c                I2C2_ER_IRQHandler
                0x08000d1c                DMA2_Stream1_IRQHandler
                0x08000d1c                FLASH_IRQHandler
                0x08000d1c                DMA2_Stream4_IRQHandler
                0x08000d1c                BusFault_Handler
                0x08000d1c                USART1_IRQHandler
                0x08000d1c                OTG_FS_IRQHandler
                0x08000d1c                SPI3_IRQHandler
                0x08000d1c                DMA1_Stream4_IRQHandler
                0x08000d1c                I2C1_ER_IRQHandler
                0x08000d1c                DMA2_Stream6_IRQHandler
                0x08000d1c                DMA1_Stream3_IRQHandler
 *fill*         0x08000d1e        0x2 
 .text.__libc_init_array
                0x08000d20       0x48 C:/ST/STM32CubeIDE_1.19.0/STM32CubeIDE/plugins/com.st.stm32cube.ide.mcu.externaltools.gnu-tools-for-stm32.13.3.rel1.win32_1.0.0.202411081344/tools/bin/../lib/gcc/arm-none-eabi/13.3.1/../../../../arm-none-eabi/lib/thumb/v7e-m+fp/hard\libc_nano.a(libc_a-init.o)
                0x08000d20                __libc_init_array
 *(.glue_7)
 .glue_7        0x08000d68        0x0 linker stubs
 *(.glue_7t)
 .glue_7t       0x08000d68        0x0 linker stubs
 *(.eh_frame)
 .eh_frame      0x08000d68        0x0 C:/ST/STM32CubeIDE_1.19.0/STM32CubeIDE/plugins/com.st.stm32cube.ide.mcu.externaltools.gnu-tools-for-stm32.13.3.rel1.win32_1.0.0.202411081344/tools/bin/../lib/gcc/arm-none-eabi/13.3.1/thumb/v7e-m+fp/hard/crtbegin.o
 *(.init)
 .init          0x08000d68        0x4 C:/ST/STM32CubeIDE_1.19.0/STM32CubeIDE/plugins/com.st.stm32cube.ide.mcu.externaltools.gnu-tools-for-stm32.13.3.rel1.win32_1.0.0.202411081344/tools/bin/../lib/gcc/arm-none-eabi/13.3.1/thumb/v7e-m+fp/hard/crti.o
                0x08000d68                _init
 .init          0x08000d6c        0x8 C:/ST/STM32CubeIDE_1.19.0/STM32CubeIDE/plugins/com.st.stm32cube.ide.mcu.externaltools.gnu-tools-for-stm32.13.3.rel1.win32_1.0.0.202411081344/tools/bin/../lib/gcc/arm-none-eabi/13.3.1/thumb/v7e-m+fp/hard/crtn.o
 *(.fini)
 .fini          0x08000d74        0x4 C:/ST/STM32CubeIDE_1.19.0/STM32CubeIDE/plugins/com.st.stm32cube.ide.mcu.externaltools.gnu-tools-for-stm32.13.3.rel1.win32_1.0.0.202411081344/tools/bin/../lib/gcc/arm-none-eabi/13.3.1/thumb/v7e-m+fp/hard/crti.o
                0x08000d74                _fini
 .fini          0x08000d78        0x8 C:/ST/STM32CubeIDE_1.19.0/STM32CubeIDE/plugins/com.st.stm32cube.ide.mcu.externaltools.gnu-tools-for-stm32.13.3.rel1.win32_1.0.0.202411081344/tools/bin/../lib/gcc/arm-none-eabi/13.3.1/thumb/v7e-m+fp/hard/crtn.o
                0x08000d80                        . = ALIGN (0x4)
                0x08000d80                        _etext = .

.vfp11_veneer   0x08000d80        0x0
 .vfp11_veneer  0x08000d80        0x0 linker stubs

.v4_bx          0x08000d80        0x0
 .v4_bx         0x08000d80        0x0 linker stubs

.iplt           0x08000d80        0x0
 .iplt          0x08000d80        0x0 C:/ST/STM32CubeIDE_1.19.0/STM32CubeIDE/plugins/com.st.stm32cube.ide.mcu.externaltools.gnu-tools-for-stm32.13.3.rel1.win32_1.0.0.202411081344/tools/bin/../lib/gcc/arm-none-eabi/13.3.1/thumb/v7e-m+fp/hard/crtbegin.o

.rodata         0x08000d80       0x10
                0x08000d80                        . = ALIGN (0x4)
 *(.rodata)
 .rodata        0x08000d80       0x10 ./Drivers/Src/stm32f401xxxrcc_driver.o
 *(.rodata*)
                0x08000d90                        . = ALIGN (0x4)

.ARM.extab      0x08000d90        0x0
                0x08000d90                        . = ALIGN (0x4)
 *(.ARM.extab* .gnu.linkonce.armextab.*)
                0x08000d90                        . = ALIGN (0x4)

.ARM            0x08000d90        0x8
                0x08000d90                        . = ALIGN (0x4)
                0x08000d90                        __exidx_start = .
 *(.ARM.exidx*)
 .ARM.exidx     0x08000d90        0x8 C:/ST/STM32CubeIDE_1.19.0/STM32CubeIDE/plugins/com.st.stm32cube.ide.mcu.externaltools.gnu-tools-for-stm32.13.3.rel1.win32_1.0.0.202411081344/tools/bin/../lib/gcc/arm-none-eabi/13.3.1/../../../../arm-none-eabi/lib/thumb/v7e-m+fp/hard\libc_nano.a(libc_a-strlen.o)
                0x08000d98                        __exidx_end = .
                0x08000d98                        . = ALIGN (0x4)

.preinit_array  0x08000d98        0x0
                0x08000d98                        . = ALIGN (0x4)
                0x08000d98                        PROVIDE (__preinit_array_start = .)
 *(.preinit_array*)
                0x08000d98                        PROVIDE (__preinit_array_end = .)
                0x08000d98                        . = ALIGN (0x4)

.init_array     0x08000d98        0x4
                0x08000d98                        . = ALIGN (0x4)
                0x08000d98                        PROVIDE (__init_array_start = .)
 *(SORT_BY_NAME(.init_array.*))
 *(.init_array*)
 .init_array    0x08000d98        0x4 C:/ST/STM32CubeIDE_1.19.0/STM32CubeIDE/plugins/com.st.stm32cube.ide.mcu.externaltools.gnu-tools-for-stm32.13.3.rel1.win32_1.0.0.202411081344/tools/bin/../lib/gcc/arm-none-eabi/13.3.1/thumb/v7e-m+fp/hard/crtbegin.o
                0x08000d9c                        PROVIDE (__init_array_end = .)
                0x08000d9c                        . = ALIGN (0x4)

.fini_array     0x08000d9c        0x4
                0x08000d9c                        . = ALIGN (0x4)
                [!provide]                        PROVIDE (__fini_array_start = .)
 *(SORT_BY_NAME(.fini_array.*))
 *(.fini_array*)
 .fini_array    0x08000d9c        0x4 C:/ST/STM32CubeIDE_1.19.0/STM32CubeIDE/plugins/com.st.stm32cube.ide.mcu.externaltools.gnu-tools-for-stm32.13.3.rel1.win32_1.0.0.202411081344/tools/bin/../lib/gcc/arm-none-eabi/13.3.1/thumb/v7e-m+fp/hard/crtbegin.o
                [!provide]                        PROVIDE (__fini_array_end = .)
                0x08000da0                        . = ALIGN (0x4)
                0x08000da0                        _sidata = LOADADDR (.data)

.rel.dyn        0x08000da0        0x0
 .rel.iplt      0x08000da0        0x0 C:/ST/STM32CubeIDE_1.19.0/STM32CubeIDE/plugins/com.st.stm32cube.ide.mcu.externaltools.gnu-tools-for-stm32.13.3.rel1.win32_1.0.0.202411081344/tools/bin/../lib/gcc/arm-none-eabi/13.3.1/thumb/v7e-m+fp/hard/crtbegin.o

.data           0x20000000       0x80 load address 0x08000da0
                0x20000000                        . = ALIGN (0x4)
                0x20000000                        _sdata = .
 *(.data)
 *(.data*)
 .data.Tx_Buff  0x20000000       0x80 ./Src/main.o
                0x20000000                Tx_Buff
 *(.RamFunc)
 *(.RamFunc*)
                0x20000080                        . = ALIGN (0x4)
                0x20000080                        _edata = .

.igot.plt       0x20000080        0x0 load address 0x08000e20
 .igot.plt      0x20000080        0x0 C:/ST/STM32CubeIDE_1.19.0/STM32CubeIDE/plugins/com.st.stm32cube.ide.mcu.externaltools.gnu-tools-for-stm32.13.3.rel1.win32_1.0.0.202411081344/tools/bin/../lib/gcc/arm-none-eabi/13.3.1/thumb/v7e-m+fp/hard/crtbegin.o
                0x20000080                        . = ALIGN (0x4)

.bss            0x20000080       0x64 load address 0x08000e20
                0x20000080                        _sbss = .
                0x20000080                        __bss_start__ = _sbss
 *(.bss)
 .bss           0x20000080       0x1c C:/ST/STM32CubeIDE_1.19.0/STM32CubeIDE/plugins/com.st.stm32cube.ide.mcu.externaltools.gnu-tools-for-stm32.13.3.rel1.win32_1.0.0.202411081344/tools/bin/../lib/gcc/arm-none-eabi/13.3.1/thumb/v7e-m+fp/hard/crtbegin.o
 *(.bss*)
 .bss.Len       0x2000009c        0x1 ./Src/main.o
                0x2000009c                Len
 *fill*         0x2000009d        0x3 
 .bss.GPIO_UART
                0x200000a0        0xc ./Src/main.o
                0x200000a0                GPIO_UART
 .bss.UART2_Config
                0x200000ac       0x38 ./Src/main.o
                0x200000ac                UART2_Config
 *(COMMON)
                0x200000e4                        . = ALIGN (0x4)
                0x200000e4                        _ebss = .
                0x200000e4                        __bss_end__ = _ebss

._user_heap_stack
                0x200000e4      0x604 load address 0x08000e20
                0x200000e8                        . = ALIGN (0x8)
 *fill*         0x200000e4        0x4 
                [!provide]                        PROVIDE (end = .)
                0x200000e8                        PROVIDE (_end = .)
                0x200002e8                        . = (. + _Min_Heap_Size)
 *fill*         0x200000e8      0x200 
                0x200006e8                        . = (. + _Min_Stack_Size)
 *fill*         0x200002e8      0x400 
                0x200006e8                        . = ALIGN (0x8)

/DISCARD/
 libc.a(*)
 libm.a(*)
 libgcc.a(*)

.ARM.attributes
                0x00000000       0x30
 *(.ARM.attributes)
 .ARM.attributes
                0x00000000       0x22 C:/ST/STM32CubeIDE_1.19.0/STM32CubeIDE/plugins/com.st.stm32cube.ide.mcu.externaltools.gnu-tools-for-stm32.13.3.rel1.win32_1.0.0.202411081344/tools/bin/../lib/gcc/arm-none-eabi/13.3.1/thumb/v7e-m+fp/hard/crti.o
 .ARM.attributes
                0x00000022       0x34 C:/ST/STM32CubeIDE_1.19.0/STM32CubeIDE/plugins/com.st.stm32cube.ide.mcu.externaltools.gnu-tools-for-stm32.13.3.rel1.win32_1.0.0.202411081344/tools/bin/../lib/gcc/arm-none-eabi/13.3.1/thumb/v7e-m+fp/hard/crtbegin.o
 .ARM.attributes
                0x00000056       0x34 ./Drivers/Src/UART.o
 .ARM.attributes
                0x0000008a       0x34 ./Drivers/Src/stm32401xx_gpiodriver.o
 .ARM.attributes
                0x000000be       0x34 ./Drivers/Src/stm32f401xxxrcc_driver.o
 .ARM.attributes
                0x000000f2       0x34 ./Src/main.o
 .ARM.attributes
                0x00000126       0x21 ./Startup/startup_stm32f401rbtx.o
 .ARM.attributes
                0x00000147       0x34 C:/ST/STM32CubeIDE_1.19.0/STM32CubeIDE/plugins/com.st.stm32cube.ide.mcu.externaltools.gnu-tools-for-stm32.13.3.rel1.win32_1.0.0.202411081344/tools/bin/../lib/gcc/arm-none-eabi/13.3.1/../../../../arm-none-eabi/lib/thumb/v7e-m+fp/hard\libc_nano.a(libc_a-init.o)
 .ARM.attributes
                0x0000017b       0x17 C:/ST/STM32CubeIDE_1.19.0/STM32CubeIDE/plugins/com.st.stm32cube.ide.mcu.externaltools.gnu-tools-for-stm32.13.3.rel1.win32_1.0.0.202411081344/tools/bin/../lib/gcc/arm-none-eabi/13.3.1/../../../../arm-none-eabi/lib/thumb/v7e-m+fp/hard\libc_nano.a(libc_a-strlen.o)
 .ARM.attributes
                0x00000192       0x22 C:/ST/STM32CubeIDE_1.19.0/STM32CubeIDE/plugins/com.st.stm32cube.ide.mcu.externaltools.gnu-tools-for-stm32.13.3.rel1.win32_1.0.0.202411081344/tools/bin/../lib/gcc/arm-none-eabi/13.3.1/thumb/v7e-m+fp/hard/crtn.o
OUTPUT(UART_zero_copy.elf elf32-littlearm)
LOAD linker stubs
LOAD C:/ST/STM32CubeIDE_1.19.0/STM32CubeIDE/plugins/com.st.stm32cube.ide.mcu.externaltools.gnu-tools-for-stm32.13.3.rel1.win32_1.0.0.202411081344/tools/bin/../lib/gcc/arm-none-eabi/13.3.1/../../../../arm-none-eabi/lib/thumb/v7e-m+fp/hard\libc.a
LOAD C:/ST/STM32CubeIDE_1.19.0/STM32CubeIDE/plugins/com.st.stm32cube.ide.mcu.externaltools.gnu-tools-for-stm32.13.3.rel1.win32_1.0.0.202411081344/tools/bin/../lib/gcc/arm-none-eabi/13.3.1/../../../../arm-none-eabi/lib/thumb/v7e-m+fp/hard\libm.a
LOAD C:/ST/STM32CubeIDE_1.19.0/STM32CubeIDE/plugins/com.st.stm32cube.ide.mcu.externaltools.gnu-tools-for-stm32.13.3.rel1.win32_1.0.0.202411081344/tools/bin/../lib/gcc/arm-none-eabi/13.3.1/thumb/v7e-m+fp/hard\libgcc.a

.debug_info     0x00000000     0x1a5b
 .debug_info    0x00000000      0xa76 ./Drivers/Src/UART.o
 .debug_info    0x00000a76      0x779 ./Drivers/Src/stm32401xx_gpiodriver.o
 .debug_info    0x000011ef      0x3b1 ./Drivers/Src/stm32f401xxxrcc_driver.o
 .debug_info    0x000015a0      0x48b ./Src/main.o
 .debug_info    0x00001a2b       0x30 ./Startup/startup_stm32f401rbtx.o

.debug_abbrev   0x00000000      0x668
 .debug_abbrev  0x00000000      0x26a ./Drivers/Src/UART.o
 .debug_abbrev  0x0000026a      0x193 ./Drivers/Src/stm32401xx_gpiodriver.o
 .debug_abbrev  0x000003fd       0xbf ./Drivers/Src/stm32f401xxxrcc_driver.o
 .debug_abbrev  0x000004bc      0x188 ./Src/main.o
 .debug_abbrev  0x00000644       0x24 ./Startup/startup_stm32f401rbtx.o

.debug_aranges  0x00000000      0x1c8
 .debug_aranges
                0x00000000       0xd8 ./Drivers/Src/UART.o
 .debug_aranges
                0x000000d8       0x70 ./Drivers/Src/stm32401xx_gpiodriver.o
 .debug_aranges
                0x00000148       0x28 ./Drivers/Src/stm32f401xxxrcc_driver.o
 .debug_aranges
                0x00000170       0x30 ./Src/main.o
 .debug_aranges
                0x000001a0       0x28 ./Startup/startup_stm32f401rbtx.o

.debug_rnglists
                0x00000000      0x14c
 .debug_rnglists
                0x00000000       0xa6 ./Drivers/Src/UART.o
 .debug_rnglists
                0x000000a6       0x53 ./Drivers/Src/stm32401xx_gpiodriver.o
 .debug_rnglists
                0x000000f9       0x1b ./Drivers/Src/stm32f401xxxrcc_driver.o
 .debug_rnglists
                0x00000114       0x1f ./Src/main.o
 .debug_rnglists
                0x00000133       0x19 ./Startup/startup_stm32f401rbtx.o

.debug_macro    0x00000000     0x25d9
 .debug_macro   0x00000000       0xb4 ./Drivers/Src/UART.o
 .debug_macro   0x000000b4      0xade ./Drivers/Src/UART.o
 .debug_macro   0x00000b92       0x22 ./Drivers/Src/UART.o
 .debug_macro   0x00000bb4       0x8e ./Drivers/Src/UART.o
 .debug_macro   0x00000c42       0x51 ./Drivers/Src/UART.o
 .debug_macro   0x00000c93      0x103 ./Drivers/Src/UART.o
 .debug_macro   0x00000d96       0x6a ./Drivers/Src/UART.o
 .debug_macro   0x00000e00      0x1df ./Drivers/Src/UART.o
 .debug_macro   0x00000fdf      0x190 ./Drivers/Src/UART.o
 .debug_macro   0x0000116f      0x535 ./Drivers/Src/UART.o
 .debug_macro   0x000016a4      0x135 ./Drivers/Src/UART.o
 .debug_macro   0x000017d9      0x2d2 ./Drivers/Src/UART.o
 .debug_macro   0x00001aab       0xb4 ./Drivers/Src/stm32401xx_gpiodriver.o
 .debug_macro   0x00001b5f       0xb4 ./Drivers/Src/stm32f401xxxrcc_driver.o
 .debug_macro   0x00001c13      0x18f ./Src/main.o
 .debug_macro   0x00001da2       0x2e ./Src/main.o
 .debug_macro   0x00001dd0       0x61 ./Src/main.o
 .debug_macro   0x00001e31       0x2a ./Src/main.o
 .debug_macro   0x00001e5b       0x43 ./Src/main.o
 .debug_macro   0x00001e9e       0x34 ./Src/main.o
 .debug_macro   0x00001ed2      0x370 ./Src/main.o
 .debug_macro   0x00002242       0x16 ./Src/main.o
 .debug_macro   0x00002258       0x4a ./Src/main.o
 .debug_macro   0x000022a2       0x34 ./Src/main.o
 .debug_macro   0x000022d6       0x10 ./Src/main.o
 .debug_macro   0x000022e6       0x58 ./Src/main.o
 .debug_macro   0x0000233e       0x8e ./Src/main.o
 .debug_macro   0x000023cc       0x1c ./Src/main.o
 .debug_macro   0x000023e8      0x185 ./Src/main.o
 .debug_macro   0x0000256d       0x10 ./Src/main.o
 .debug_macro   0x0000257d       0x3c ./Src/main.o
 .debug_macro   0x000025b9       0x20 ./Src/main.o

.debug_line     0x00000000     0x2525
 .debug_line    0x00000000      0xe1a ./Drivers/Src/UART.o
 .debug_line    0x00000e1a      0x9d2 ./Drivers/Src/stm32401xx_gpiodriver.o
 .debug_line    0x000017ec      0x5c2 ./Drivers/Src/stm32f401xxxrcc_driver.o
 .debug_line    0x00001dae      0x6fc ./Src/main.o
 .debug_line    0x000024aa       0x7b ./Startup/startup_stm32f401rbtx.o

.debug_str      0x00000000     0xa272
 .debug_str     0x00000000     0xa272 ./Drivers/Src/UART.o
                               0x6e9b (size before relaxing)
 .debug_str     0x0000a272     0x6d6e ./Drivers/Src/stm32401xx_gpiodriver.o
 .debug_str     0x0000a272     0x6b39 ./Drivers/Src/stm32f401xxxrcc_driver.o
 .debug_str     0x0000a272     0x9ded ./Src/main.o
 .debug_str     0x0000a272       0x6a ./Startup/startup_stm32f401rbtx.o

.comment        0x00000000       0x43
 .comment       0x00000000       0x43 ./Drivers/Src/UART.o
                                 0x44 (size before relaxing)
 .comment       0x00000043       0x44 ./Drivers/Src/stm32401xx_gpiodriver.o
 .comment       0x00000043       0x44 ./Drivers/Src/stm32f401xxxrcc_driver.o
 .comment       0x00000043       0x44 ./Src/main.o

.debug_frame    0x00000000      0x660
 .debug_frame   0x00000000      0x3a0 ./Drivers/Src/UART.o
 .debug_frame   0x000003a0      0x1c8 ./Drivers/Src/stm32401xx_gpiodriver.o
 .debug_frame   0x00000568       0x68 ./Drivers/Src/stm32f401xxxrcc_driver.o
 .debug_frame   0x000005d0       0x64 ./Src/main.o
 .debug_frame   0x00000634       0x2c C:/ST/STM32CubeIDE_1.19.0/STM32CubeIDE/plugins/com.st.stm32cube.ide.mcu.externaltools.gnu-tools-for-stm32.13.3.rel1.win32_1.0.0.202411081344/tools/bin/../lib/gcc/arm-none-eabi/13.3.1/../../../../arm-none-eabi/lib/thumb/v7e-m+fp/hard\libc_nano.a(libc_a-init.o)

.debug_line_str
                0x00000000       0x4e
 .debug_line_str
                0x00000000       0x4e ./Startup/startup_stm32f401rbtx.o
