../Drivers/Src/UART.c:32:6:UART_ApplicationEventCallback	16	static
../Drivers/Src/UART.c:45:6:UART_ClearFlag	24	static
../Drivers/Src/UART.c:91:13:UART_Send_8BitdataIT	16	static
../Drivers/Src/UART.c:121:13:UART_Send_9BitdataIT	24	static
../Drivers/Src/UART.c:168:13:closeTX_Transmission	16	static
../Drivers/Src/UART.c:194:13:closeRX_Reception	16	static
../Drivers/Src/UART.c:217:13:UART_Send_8bitData	32	static
../Drivers/Src/UART.c:238:13:UART_Send_9bitData	32	static
../Drivers/Src/UART.c:278:13:UART_Receive_8bitData	32	static
../Drivers/Src/UART.c:311:13:UART_Receive_9bitData	32	static
../Drivers/Src/UART.c:345:13:UART_Receive_8bitDataIT	16	static
../Drivers/Src/UART.c:376:13:UART_Receive_9bitDataIT	16	static
../Drivers/Src/UART.c:421:6:UART_periClockControl	16	static
../Drivers/Src/UART.c:458:6:UART_SetBaudRate	40	static
../Drivers/Src/UART.c:523:6:UART_periPheralControl	16	static
../Drivers/Src/UART.c:557:6:UART_Init	24	static
../Drivers/Src/UART.c:712:6:UART_SendData	24	static
../Drivers/Src/UART.c:751:6:UART_ReceiveData	24	static
../Drivers/Src/UART.c:783:9:UART_GetFlagStatus	16	static
../Drivers/Src/UART.c:833:9:UART_SendDataIT	32	static
../Drivers/Src/UART.c:875:9:UART_ReceiveDataIT	32	static
../Drivers/Src/UART.c:898:6:UART_IRQInterruptConfig	16	static
../Drivers/Src/UART.c:966:6:UART_IRQPriorityConfig	24	static
../Drivers/Src/UART.c:1004:6:UART_IRQHandling	32	static
